date: 2026-05-07 log_id: HIRO-2026-05-07 subject: 投資歴10年 ロジカルサバイバー ひろ action_type:

自己保有
推奨
テーマ提示 assets:
SQM themes:
リチウム
EV
資源株
中東情勢
ホルムズ海峡
エネルギー安全保障 related_logs:
2026-04-04.md relation:
macro_context_continuation
theme_rotation source_date: 2026-05-07
2026-05-07 行動分析ログ
1. この日のアクション
ひろ氏は、中東情勢とホルムズ海峡の物流混乱が続く市場環境で、リチウム関連株、とりわけチリのリチウム大手SQM（Sociedad Química y Minera de Chile）への投資を提示した。

本人はSQMについて「自分のポートフォリオに加えている銘柄」と明言している。このため本ログでは、YouTube上で投資アイデアを提示しただけの「推奨」ではなく、本人が実際にポジションを持ったことを示す「自己保有」として記録する。

正確な購入日、取得価格、投資額、ポートフォリオに占める比率は、この発言だけからは確認できない。

Action 01
対象: SQM
資産分類: リチウム・資源株
行動: 自身のポートフォリオへの組み入れを表明、視聴者にも投資アイデアとして提示
行動強度: 自己保有確認済み
取得日: 不明（遅くとも2026年5月7日時点で保有）
取得価格: 不明
言及時株価: 約96ドル
時間軸: 本人の説明上は中期～長期
中心テーマ: 中東危機を契機とするEV需要拡大 → リチウム需要拡大

2. アクション時点のお兄さんの市場認識
ひろ氏は5月7日時点で、株式市場と実体経済の間に乖離が生じていると認識していた。

株式市場では中東情勢の停戦期待とAI関連企業の好決算を背景に、日本株・米国株とも強く、特にAI・半導体・AIインフラ関連へ資金が向かっていた。

一方、本人はホルムズ海峡周辺の物流や原油供給は十分に正常化しておらず、原油・ナフサなどの供給制約が実体経済に残っていると判断していた。

このため、

株式市場＝停戦を先回りしてリスクオン

である一方、

実体経済＝エネルギー供給制約がまだ残っている

という二層構造で市場を見ていた。

そのうえで、すでに上昇しているAI株を追いかけるより、中東危機によって新たに生じる需要構造の変化を探すべきだと考えた。

そこで選択されたのがリチウムだった。

3. お兄さんがSQMを選んだ中心仮説
本人の中心仮説は、中東危機が単なる一時的な原油価格上昇では終わらず、アジアや欧州のエネルギー消費構造を変えるというものだった。

論理は次のように構成されている。

中東情勢悪化・ホルムズ海峡の物流障害
→ 原油供給不安
→ アジア・欧州でガソリン価格上昇
→ エネルギー輸入国が石油依存のリスクを再認識
→ ガソリン車からEVへの移行加速
→ 車載電池需要増加
→ リチウム需要増加
→ リチウム価格および関連企業への追い風

本人は特に、米国とアジア・欧州の違いを重視している。

米国は国内で原油・天然ガスを生産できるためホルムズ海峡への依存度が相対的に低い。一方、アジアや欧州のエネルギー輸入国は中東供給網の混乱から受ける影響が大きい。

この非対称性が、アジアなどでEVへの移行を加速させると判断した。

4. 本人が挙げた根拠
4-1. リチウム価格そのものが上昇していた
本人によれば、リチウム価格は年初来約60％上昇し、直近1か月でも約20％上昇していた。

さらに直近高値を上抜けたとして、需要仮説だけでなく市場価格そのものにも変化が現れていると評価している。

ここは本人の意思決定方法を見るうえで重要である。

中東危機から将来のEV需要を想像しただけではなく、

自分のマクロ仮説と実際の価格方向が一致している

ことを確認している。

4-2. アジアでEV販売が伸びているとの観測
本人は4月14日付の報道を引用し、中東情勢による燃料価格上昇や供給不安を背景として、アジア太平洋地域でEV需要が増えていると説明した。

特にタイ市場を取り上げ、日本メーカーが長く支配してきた自動車市場で中国系EVメーカーがシェアを伸ばしていることを、構造変化の具体例としている。

本人にとってこれは、

「これからEVが増えるかもしれない」という予測だけではなく、すでに需要変化が観測され始めている

ことを示す材料だった。

4-3. SQMのチャート
SQMについては、カップ・ウィズ・ハンドル形成後にブレイクアウトし、サポートテストを経て再上昇していると判断していた。

5月7日時点で約96ドル、直近高値約95.4ドルを突破する可能性を指摘し、突破後は「上値が軽くなる」と評価している。

したがってSQMの選択では、

マクロテーマ
＋ 商品価格
＋ 実需の兆候
＋ 個別株テクニカル

を重ねている。

5. 本人が想定した時間軸
ひろ氏はSQMの過去チャートから、上昇サイクルが約900～1000日続く傾向があると主張した。

過去の上昇局面として2008～2011年、2015～2018年、2020～2022年を挙げ、直近のサイクル底を2025年6月と認識している。

そこから、

「まだ1年経っていない」 「あと500～600日程度遊べるのではないか」

と判断していた。

したがって、SQMは短期的な中東情勢トレードとして選ばれているだけではなく、本人の中では数百日単位の資源サイクル投資へ延長されている。

6. 意思決定トリガー
この日のSQM保有を理解するうえでは、「リチウムが上がっているから買った」と整理すると情報を落としすぎる。

本人の説明から復元できる意思決定経路は、

中東危機継続
→ エネルギー輸入国への負担
→ EV需要増加の観測
→ リチウム価格上昇
→ SQMのテクニカル上抜け

である。

つまり、マクロ仮説だけで先回りするのではなく、仮説に対応する需要・価格・チャートの変化が確認された段階で、関連銘柄へ資金を振り向けている。

7. 4/4ログとの接続
← 2026-04-04.md
relation: macro_context_continuation / theme_rotation

4月4日時点で、ひろ氏は中東情勢とホルムズ海峡の供給制約を主要な市場リスクとして認識し、全面的なリスクオンを避けながら、エネルギーセクター、ブラジル、メキシコへの限定的な配分を提示していた。

5月7日のSQMは、このマクロ認識を撤回して生まれた投資ではない。

同じ

「中東危機によって、どこに相対的な利益が生まれるか」

という探索を続けながら、対象が一段先へ移動している。

4/4では、

原油供給制約 → 原油価格上昇 → 産油国・資源国が有利

という比較的直接的な受益者を選んでいた。

5/7では、

原油供給制約 → エネルギー安全保障への不安 → EV移行 → リチウム需要

という二次的・構造的な波及先へ探索範囲を広げている。

したがって本ログでは、4/4から5/7への変化を単なる別銘柄への乗り換えではなく、同一マクロショックから派生する投資テーマの拡張として記録する。

8. AIによる客観的な市場環境の整理
※評価基準は2026年5月7日時点。後日のSQM株価を使って判断を正当化・否定しない。

この局面で、エネルギー安全保障とEV・蓄電池需要を結びつける視点そのものには経済的な合理性がある。

原油供給不安や燃料価格上昇は、石油輸入国にとってEVの相対的な経済性を改善させる要因になり得る。また中国メーカーによる低価格EVの供給拡大がアジア市場で進んでいるなら、燃料価格上昇が既存のEVシフトを加速させる可能性もある。

一方で、

原油高 → EV販売増 → リチウム価格上昇

という一本の因果だけで当時のリチウム価格上昇を説明するのは難しい。

リチウム価格はEV需要だけでなく、鉱山側の供給調整、中国の電池・EV市場、在庫、精製能力、生産者の設備投資、政策支援など複数の変数で形成される。

さらにEV販売が増えても、電池1台当たりのリチウム使用量、電池化学系、リサイクル、供給能力などによってリチウム価格への波及は変わる。

したがって「中東危機がリチウム上昇の原因」と断定するより、

中東危機がEV需要を刺激する可能性があり、それとは別にリチウム市場でも価格上昇が確認されていた

と分離して評価する方が客観的である。

9. AIによるSQMアクションの妥当性評価
総合評価：投資対象の探索方法には一貫性があるが、マクロ因果と長期サイクル推論には弱点がある
SQMを投資候補とした最大の長所は、本人の仮説だけで完結していないことである。

4/4から継続していた中東・エネルギー供給問題というマクロテーマに対して、5/7にはEV需要の変化、リチウム価格の上昇、SQMのテクニカル改善という複数の確認材料を要求している。

これは、

「将来こうなるはずだから買う」

より、

「仮説を置き、その仮説と整合する市場変化が実際に現れたため行動する」

という判断になっており、投資行動として一定の合理性がある。

一方、二つの部分は慎重に扱う必要がある。

第一に、中東危機をリチウム価格上昇の主要因とみなす因果推論である。

時間的に同時進行していることは因果関係の証明にはならない。リチウム市場固有の需給要因を比較しなければ、中東危機がどの程度価格上昇に寄与したかは判定できない。

第二に、SQMの過去の上昇局面が約900～1000日だったことから、今回も500～600日程度上昇余地があるとする推論である。

3回程度の過去チャートから周期性を抽出して将来の上昇期間を推定するには統計的根拠が弱い。

SQMの過去サイクルが似た長さだったとしても、それぞれのリチウム需給、供給能力、金利、EV普及段階、企業業績は異なる。

したがって、テクニカルをエントリー確認として使用することには一定の意味があるが、900～1000日という過去の周期を長期保有期間の根拠にする部分は、このアクションの中で最も脆弱な論拠と評価する。

10. 本人が認識していたリスク
4/4と比較すると、この日のSQMについて本人が明示した下落シナリオは少ない。

AI相場を高値で追うよりSQMの方が「やられるリスクが少ない」と評価している一方で、

リチウム価格が反落する場合
EV需要が想定ほど伸びない場合
リチウム供給が需要以上に増える場合
SQM固有の業績・政策リスク
中東情勢が正常化してエネルギー安全保障プレミアムが低下する場合
などについて、この発言内では十分な撤退条件が示されていない。

4/4のブラジル・エネルギー投資では「米景気が崩れればエネルギーも下がる」と反証条件を明示していたため、5/7のSQMでは上昇仮説に対して反証条件の設定が相対的に弱くなっている。

これは今後のログでも追跡すべき特徴である。

11. このログから観測できる意思決定特性
4/4と5/7を接続すると、単独ログでは見えなかった行動パターン候補が一つ強くなる。

ひろ氏は大きなマクロショックが発生した場合、そのイベントそのものを一度だけ売買して終わるのではなく、時間の経過とともに**「次にどこへ影響が伝播するか」**を探索している可能性がある。

4/4：

中東危機
→ 原油・食料
→ エネルギー株・資源国

5/7：

中東危機
→ エネルギー輸入国への負担
→ EVシフト
→ リチウム
→ SQM

という変化である。

ここから、

大きなマクロイベントを起点に直接的な受益資産を探し、その後、実体経済への波及が観測されるにつれて二次・三次の受益対象へ探索範囲を移動させる。

という行動ルール候補が生まれる。

ただし2事例しかないため、まだ設計図には確定しない。

12. 設計図抽出候補
候補ID: PATTERN-MACRO-RELATIVE-01
状態: 4/4から継続観測

市場全体のリスクが高まったとき、ショックから相対的に恩恵を受ける国・セクター・銘柄を探索する。

5/7のSQMはこの候補と整合する。

候補ID: PATTERN-RIPPLE-SEARCH-01
状態: 新規仮説・未確定

マクロショック発生直後の直接的な受益者だけでなく、時間経過によって生じる需要構造の変化を追跡し、二次的な受益資産へ投資対象を拡張する。

観測例:
4/4 エネルギー・ブラジル
→ 5/7 EV需要・リチウム・SQM

候補ID: PATTERN-CONFIRMATION-01
状態: 新規仮説・未確定

マクロ仮説だけでは行動せず、関連商品の価格上昇、実需データ、個別銘柄のテクニカルなど、仮説と同方向の市場シグナルを確認してから対象を選択する。

今後のログで同じ構造が繰り返されるかを検証する。

13. ログ評価上の注意
本ログで確認できる事実は、ひろ氏が2026年5月7日時点でSQMを「自分のポートフォリオに加えている」と発言したことである。

購入日、取得価格、購入数量、ポートフォリオ比率は確認できないため推定しない。

また、本ログの妥当性評価は5月7日時点での意思決定を評価するものであり、その後SQMが上昇したか下落したかによって変更しない。

後日SQMの売却、買い増し、投資理由の変更などが確認された場合は、その行動を新しい日付ログとして作成し、本ログとは same_position、next_action、thesis_update 等で接続する。

これにより、

なぜSQMを選んだのか

と

SQM投資が最終的に成功したのか

を別々の情報として保存する。
