date: 2026-04-04 log_id: HIRO-2026-04-04 subject: 投資歴10年 ロジカルサバイバー ひろ action_type:

推奨
テーマ提示 assets:
EWZ
EWW
エネルギーセクター themes:
ブラジル
メキシコ
資源国
インフレヘッジ
中東情勢
ホルムズ海峡 related_logs:
2026-08-27.md relation:
same_theme
thesis_update source_date: 2026-04-04
2026-04-04 行動分析ログ
1. この日のアクション
ひろ氏は、中東情勢の悪化とホルムズ海峡をめぐる供給制約が続く市場環境で、ブラジル株ETF「EWZ」とメキシコ株ETF「EWW」をポートフォリオの一部に組み入れる投資アイデアを提示した。

同時に、原油高によって利益見通しが改善しているエネルギーセクターについても組み入れを推奨している。

本人が示した配分の目安は、こうしたインフレヘッジ型資産をポートフォリオの5～10％程度。株式市場全体に強気転換したのではなく、まずキャッシュ比率を高めて「ディフェンスを固める」ことを前提に、そのうえで限定的にリスクを取るという位置づけだった。

Action 01
対象: ブラジル株・メキシコ株
具体的商品: EWZ / EWW
行動: ポートフォリオへの組み入れを推奨
行動強度: 明確な推奨
想定配分: 他のインフレヘッジ資産と合わせて5～10％程度
時間軸: 中期的なマクロテーマ

Action 02
対象: 米国エネルギーセクター
行動: ポートフォリオへの一部組み入れを推奨
行動強度: 明確な推奨
位置づけ: 中東情勢・原油高に対するインフレヘッジ

2. アクション直前のお兄さんの市場認識
ひろ氏は、3月の米雇用統計について、非農業部門雇用者数が17.8万人増と市場予想を大きく上回った一方、その内容は見かけほど強くないと判断していた。

特に医療が約7.6万人、社会福祉が約1.4万人増えており、両者で約9万人と全体の約半分を占めることを重視した。さらに医療の増加にはストライキから職場へ戻った労働者が含まれるため、17.8万人をそのまま景気の強さと解釈することに否定的だった。

この観察自体には相当の根拠がある。4月3日に公表されたBLSの一次資料でも、非農業部門雇用者数は17.8万人増、失業率4.3％、医療+7.6万人、社会福祉+1.4万人だった。また医療のうち診療所部門では、ストライキからの復帰による+3.5万人が含まれている。

一方で、ひろ氏はこれを中東情勢と原油価格上昇にも接続していた。

ホルムズ海峡をめぐる物流障害によって原油・ナフサなどの供給制約が起き、石油化学製品や航空燃料など実体経済への影響が広がることで、米国では景気減速とコストプッシュ型インフレが同時進行する可能性を警戒していた。

したがって、この時点のお兄さんの市場観は、

米景気への警戒 ＋ インフレ再加速リスク ＋ 金利高止まりリスク ＋ 中東由来の供給制約

という組み合わせだった。

株式市場全般にリスクを取るより、キャッシュを厚くしながら、供給制約から相対的に恩恵を受ける資産を探す局面と認識していた。

3. お兄さんがブラジル・メキシコを選んだ理由
ブラジル
本人が挙げた中心的な理由は、今回の地政学リスクに対する「耐性」だった。

ブラジルは産油国であり、原油供給をホルムズ海峡に大きく依存しない。また大豆・トウモロコシなどの主要農産物を大量に生産・輸出する資源国でもある。

中東情勢によってエネルギーと食料価格が上昇するなら、エネルギー・食料を輸入する国より、供給する側の国の方が相対的に有利になるという発想である。

さらに本人は、EWZのPERを約13.25倍とし、米国株の約26倍と比較して割安であること、長期チャートが持ち合いを上抜けたことも根拠に加えていた。

メキシコ
メキシコについても、ホルムズ海峡から地理的・エネルギー供給網的に離れていることを評価した。

EWWのPERを約14.18倍として米国株より割安であること、チャート上でカップ・ウィズ・ハンドル形成の可能性があることも投資理由として挙げている。

ただしブラジルほど「資源自給国」という論理は強くなく、本人の説明でもブラジルの方が地政学・資源価格上昇との因果関係は明確だった。

4. 意思決定トリガー
このアクションは単純な「新興国株が安いから買う」という判断ではない。

ひろ氏が行動理由として組み合わせていたのは、

中東情勢悪化
→ ホルムズ海峡の供給制約
→ 原油・食料などの価格上昇
→ 輸入国に不利、資源国に相対的優位
→ その中でも割安なブラジル・メキシコを選択

という経路だった。

加えて、年初から持っていたという別のシナリオも接続している。

米景気が悪化すればFRBはいずれ利下げに向かい、ドル安が進む。その場合、米国から流出した資金の受け皿として中南米などの新興国が有利になる、というものだった。

したがって4/4時点のブラジル投資には、

「地政学・資源価格」ルートと「将来の米利下げ・ドル安・新興国資金流入」ルート

という二つの上昇経路が想定されていた。

5. 本人が認識していたリスク
ひろ氏自身、ブラジル・メキシコやエネルギーを無条件に強気で見ていたわけではない。

特に「米国景気が本格的に崩れればエネルギーセクターも大きく下落する」と明示している。

そのため全体戦略はリスク資産への全面投入ではなく、キャッシュ比率を高めたうえで、ポートフォリオの5～10％程度をインフレヘッジ型資産へ振り分けるというものだった。

このポジションサイズの限定は、この日の投資判断を評価するうえで重要である。

6. AIによる当時の市場環境の再構成
※以下は2026年4月4日時点で取得可能だった情報だけを使って評価する。後日の値動きは判断材料に含めない。

米雇用市場について、ひろ氏の「ヘッドラインほど強くない」という警戒には一定の妥当性がある。

BLSによれば3月の雇用増17.8万人に対し、医療・社会福祉だけで約9万人を占めた。また製造業、情報、金融などでは強い雇用拡大が確認できず、過去12か月で見ると製造業は7.5万人、情報は7.6万人減少していた。

ただし、「医療・福祉は景気と関係がないため、残りの米景気は弱い」とまで一般化するのは強すぎる。

3月には建設業が+2.6万人、運輸・倉庫も+2.1万人増えている。失業率も4.3％で大きく悪化していない。したがって当時のデータから読み取れるのは「雇用増加の構成に偏りがあり、ヘッドラインだけから景気加速とは判断できない」程度であり、「実体経済を支える業種のほとんどが悲鳴を上げている」と断定するには材料不足だった。

また翌週4月10日には3月CPIの発表が予定されており、原油高が物価にどこまで波及するかは、この時点ではまだ確認前だった。

したがって当時は、景気減速・インフレ再燃の双方を警戒することには合理性がある一方、そのどちらが支配的になるかについては不確実性が高い局面だったと評価できる。

7. AIによるアクションの妥当性評価
ブラジル：概ね妥当。ただし理由の一部に単純化がある
ブラジルを資源価格上昇局面の分散先として検討する発想には整合性がある。

米大型株とは異なる収益構造を持ち、エネルギー・素材・金融などの比重が大きい市場をポートフォリオの一部に組み込むことで、米ハイテク株への集中を緩和できる。

また本人が一括して大きく投資するのではなく、5～10％程度の限定的な配分としている点も、地政学イベントの先行きが読みにくい状況と整合している。

一方、

「ホルムズ海峡に依存しない資源国だから中東危機に強い」

という因果だけでは不十分である。

ブラジル株は資源価格だけでなく、国内金利、財政政策、政治情勢、中国需要、為替、世界的なリスク選好などにも大きく左右される。世界景気そのものが悪化すれば、資源輸出国であることが必ずしも株価の防御力になるとは限らない。

したがって、投資先としての選択には合理性があるが、本人が説明した上昇因果は実際の価格決定要因より単純化されていると評価する。

メキシコ：ブラジルより根拠が弱い
メキシコについては、割安性と米国に近い新興国という観点は理解できるものの、中東情勢から直接導く論理はブラジルほど強くない。

本人自身もメキシコについては原油面でブラジルほど明確な優位を示しておらず、PERとチャートパターンへの依存度が高い。

このため4/4時点では、ブラジルとメキシコを同じ強度で推奨するより、ブラジルを中心テーマ、メキシコを派生候補として扱う方が論理的には自然だったと考えられる。

エネルギー：シナリオとの整合性は高い
「中東供給制約が長期化する」という本人の中心シナリオを前提とするなら、エネルギー株への限定的な配分は3つの中で最も直接的である。

しかも本人は、米景気後退によって需要が崩れればエネルギー株も下落することを認識している。

したがって、予測そのものが正しかったかとは別に、本人が置いたシナリオと実際に選択した資産との整合性は比較的高い。

8. このログから観測できる意思決定特性
この1件だけでは「お兄さんの投資行動ルール」として確定しない。今後、同種の行動が繰り返されるかを別ログと照合する。

現段階で観測候補として残せるのは、次の構造である。

① マクロ環境に異常を検出する

今回は中東情勢、原油供給制約、インフレ、米雇用の構成変化。

② 市場全体を買うのではなく、その環境から相対的に恩恵を受ける場所を探す

今回はエネルギー、ブラジル、メキシコ。

③ マクロテーマだけで決めず、バリュエーションとチャートを追加条件にする

EWZ・EWWでは米国株より低いPERとテクニカル形状を確認している。

④ 不確実性が高い場合はポジションサイズを限定する

今回はキャッシュを厚くしたうえで5～10％程度。

⑤ 一つの上昇理由だけでなく、別の経路でも利益になる可能性を探す

ブラジルの場合、「中東危機に強い資源国」という現在の仮説に、「将来FRBが利下げすればドル安→新興国への資金移動」という別の仮説を重ねている。

この⑤は今後のログで特に追跡する価値がある。

複数の独立した材料が同じ投資対象を指したときに行動強度を高める傾向が本当に存在するなら、お兄さんの銘柄選択ロジックの一部として設計図へ昇格できる可能性がある。

9. 関連ログ
→ 2026-08-27.md
relation: same_theme / thesis_update

ブラジル株が再び推奨対象として登場する。

4/4時点では、中東情勢、資源国としての性格、食料・エネルギー供給力、割安性、将来的なドル安・新興国への資金移動が主な根拠だった。

8/27時点ではブラジルへの関心を維持したまま、米長期金利の低下、新興国ファンドへの実際の資金流入、米国株とのバリュエーション格差という新しい観測材料が加わる。

したがって8/27ログ作成時には、4/4の仮説が「継続」「修正」「補強」のどれに該当するかを判定する。

10. 設計図抽出候補
候補ID: PATTERN-MACRO-RELATIVE-01
状態: 仮説・未確定

市場全体のリスクが高まった場合、全面的なリスクオンには移行せずキャッシュを確保する。そのうえで、危機によって相対的に利益を得る国・セクターを探索し、マクロ因果、割安性、テクニカルなど複数条件が重なる対象へ限定的に資金を振り向ける。

検証に必要な後続ログ: 2026-05-07、2026-08-27ほか

11. ログ評価上の注意
このログにおける「妥当性」は、4月4日時点で得られた情報から意思決定過程を評価したものであり、その後EWZ・EWW・エネルギー株が上昇したか下落したかによって変更しない。

後日の値動きや本人の追加行動は、必要に応じて「事後結果」または関連する後続ログとして追記する。

これにより、

判断プロセスの質

と

結果として儲かったか

を別の変数として保存する。
