date: 2026-08-17
log_id: HIRO-2026-08-17
subject: 投資歴10年 ロジカルサバイバー ひろ
log_type: state_change
action_type: conditional_risk_reduction_rule
assets:




S&P500


Walmart


AI・テクノロジー株
themes:


米国個人消費


小売売上高


企業利益


Walmart決算


リスク資産縮小


キャッシュ比率
changed_variables:


risk_level


exit_condition


position_sizing


macro_assumption


dominant_driver


time_horizon
related_logs: []
relation: []
source_date: 2026-08-17
trade_evidence: 実売買なし。本人が条件付きのポジション縮小方針を事前表明





2026-08-17 行動分析ログ


1. この日の要点


ひろ氏は米国株への基本的な強気姿勢を維持しながら、7月米小売売上高の弱さを受け、個人消費減速が企業利益へ波及するリスクを新たな警戒対象として設定した。


市場では7月小売売上高の悪化について、Amazonプライムデーの前倒しによる6月への需要先食いの反動という説明が出ていた。ひろ氏はこの説明をただ受け入れるのではなく、米国最大級の小売企業であるWalmartの決算を「別データによる検証装置」として利用しようとしている。


Amazon要因が中心
→ Walmartの業績・見通しは大きく崩れない


米国消費そのものが減速
→ Walmartにも売上・客数・ガイダンスの悪化が現れる


という反証可能な構造を設定した。


さらに、Walmart決算が弱く、業績見通しまで悪化する場合には、従来予定していた9月4日まで待たず、AI・テクノロジー株を中心にポジションを縮小し、キャッシュ比率を引き上げるという条件付き行動ルールを明示した。


実売買は発生していないが、リスク認識と売却条件が具体化されたため、意思決定OS上の状態変化として保存する。


2. この日の状態変化


Before


米国株については基本的に強気。


企業決算は総じて良好で、AI・半導体関連への資金流入も続いていると認識していた。株価上昇には企業業績という裏付けがあると考えており、従来は9月4日ごろにポジションをある程度整理する予定としていた。


New Information


7月米小売売上高が予想外に悪化。


市場ではAmazonプライムデーが例年より早く実施され、6月に需要が先食いされた反動との説明が出ていた。


ひろ氏はこの説明だけでは消費減速リスクを排除できないと判断した。


特に複数月にわたる小売指標の弱さから、


「一時的な需要移動」


ではなく、


「米国消費そのものの減速」


である可能性を警戒対象に加えた。


そこで次回Walmart決算を、二つの仮説を識別するための確認イベントとして設定した。


After


基本姿勢は強気を維持。


ただし、Walmart決算が弱い内容となり、さらにガイダンスにも悪化が確認される場合には、9月4日を待たずAI・テクノロジー株を中心に売却し、キャッシュポジションを増やす方針へ変更した。


従来の


「9月4日前後にポジション整理」


という時間ベースの出口計画に、


「Walmart決算で米国消費悪化が確認された場合は前倒し」


というイベント・データベースの出口条件が追加された。


3. アクション時点のお兄さんの市場認識


米国株全体については依然として強気。


S&P500は高値圏にあり、企業決算も総じて強く、AI・半導体関連への物色も続いていることから、株高には企業業績の裏付けがあると評価している。


一方、小売売上高の悪化を、それまでの強気シナリオを壊し得る最初の異常値として認識した。


警戒しているのは景気減速そのものではない。


軽度の景気減速
→ FRBの利上げ圧力低下
→ 金利低下
→ 株式には支援材料


という経路はむしろ株式市場に好都合になり得ると考えている。


問題視したのは、


個人消費減速
→ 企業売上低下
→ 利益予想低下
→ EPS低下
→ 株価バリュエーションへの下押し


という経路である。


このため、景気減速を「株高を支える程度の減速」と「企業利益を破壊する減速」に分離している。


4. 中心仮説


中心仮説は、7月小売売上高悪化の原因識別である。


仮説A：一時的要因


Amazonプライムデー前倒し
→ 6月への需要先食い
→ 7月小売売上高悪化


この場合、米国消費全体の基調は大きく崩れておらず、Walmartの業績やガイダンスまで大きく悪化する必要はない。


仮説B：消費そのものの減速


家計の支出姿勢悪化
→ 小売売上高減速
→ Walmartの既存店売上・客数などに波及
→ 業績見通し悪化
→ 企業利益全体への懸念


この場合、Amazonのイベント要因だけでは説明できず、株式市場の強気シナリオそのものを再検討する必要がある。


Walmart決算をA/B二つの仮説を識別する確認材料として位置づけた。


5. 本人が挙げた根拠


ひろ氏が挙げた主要材料は、7月米小売売上高の悪化、複数月にわたるコア指標の弱さ、Amazonプライムデー前倒し説、Walmartの前回決算、Walmart株価のテクニカル水準、2025年初頭の市場下落局面である。


特に2025年について、


小売売上高悪化
→ Walmartの弱い見通し
→ 株式市場下落


という局面を歴史的比較対象として採用した。


現在の環境がこのセットアップに近づくかをWalmart決算で確認しようとしている。


6. 意思決定トリガー／状態変化トリガー


状態変化トリガー


7月米小売売上高の予想外の悪化。


単月の総合値だけではなく、基調的な消費にも弱さが存在する可能性を認識したことが警戒度を引き上げた。


確認項目


Walmart決算について本人は次の4項目を確認すると明示した。




決算が市場予想をクリアするか


Walmart米国既存店売上高


来店客数と客単価


通期ガイダンス




特に4を最重要項目としている。


意思決定トリガー


Walmartの決算内容が弱い
＋
業績見通しも悪化


となった場合、


9月4日を待たない
→ AI・テクノロジー株を中心にポジション縮小
→ キャッシュ比率引き上げ
→ リスク資産エクスポージャー低下


という行動を予定した。


これは実売買ではなく、事前に設定された条件付き売却ルールである。


7. 想定時間軸


極めて短期。


次回Walmart決算を主要イベントとし、それまでは基本的な強気姿勢を維持する。


従来は9月4日をポジション整理時期としていたが、Walmart決算次第で出口時期を前倒しする可能性を設定した。


このため時間軸そのものを完全に変更したというより、


「カレンダー上の予定日」


に


「ファンダメンタルズ悪化による早期退出条件」


を追加したと整理するのが適切である。


8. 本人が認識していたリスク


最大のリスクは、米国経済が「FRBの利上げを抑制する程度の減速」を超えて、「企業利益を下押しするほどの減速」に入ることである。


ひろ氏の認識では、


弱い景気
→ 金利低下
→ 株高


だけなら問題ではない。


しかし、


弱すぎる景気
→ 消費減速
→ 売上低下
→ EPS低下


まで進む場合、金融政策によるプラス効果より企業利益悪化が支配的になる可能性がある。


またWalmart株についても特定のサポート水準を意識しており、決算悪化と価格下落が同時に発生した場合、市場心理悪化を増幅する可能性を警戒している。


9. AIによる当時の市場環境の再構成


2026年8月14日に公表された7月米小売売上高は速報ベースで前月比0.6％減となり、9か月ぶりの減少だった。


当時のReuters報道では、AmazonがPrime Dayを6月に前倒ししたことによる需要先食い、税還付効果の剥落、ガソリン価格低下などが要因として挙げられていた。一方で消費減速の可能性も指摘されており、Amazon要因だけで完全に説明できる状況ではなかった。


したがって、ひろ氏が「Prime Day前倒し説」を確定的説明として扱わず、別の小売企業の決算で確認しようとした方向性には合理性がある。


ただし本人発言には数値・事実関係で注意が必要な部分がある。


当時のReuters報道では、いわゆるコア小売売上高は7月に0.4％減とされており、文字起こし中の「−0.3％」とは一致しない。


より重要なのはWalmartの前回ガイダンスについてである。


Walmartが2026年5月21日に発表したFY27第1四半期決算では、売上高は前年同期比7.3％増、調整後営業利益は為替一定ベースで5.1％増だった。


会社は第2四半期ガイダンスを提示すると同時に、FY27通期について売上高3.5～4.5％増、調整後営業利益6～8％増、調整後EPS2.75～2.85ドルという従来見通しを据え置いていた。


したがって、動画中の「前回決算で通年ガイダンスを下方修正した」という認識は、Walmart公式資料とは一致しない。


10. AIによる状態変化の妥当性評価


当時点での判断方法には、評価できる部分と注意すべき部分が併存する。


特徴的なのは、ニュースで提示された因果説明をそのまま投資判断へ接続しなかったことである。


小売統計悪化
→ Prime Day前倒しが原因という報道
→ 本当にそれだけか
→ Walmartという別データで検証
→ 仮説が崩れればポジションを変更


という形で反証条件を事前設定している。


また、景気減速を一律に株安材料とせず、


金融政策にはプラスとなる軽度の減速


と


企業利益を傷つける深い減速


に分けている点も、因果経路を区別した判断になっている。


一方で、判断材料として使用しているWalmartの前回ガイダンスについて事実認識に誤りがある。


「前回もガイダンスを下方修正していたため、今回も下方修正なら2四半期連続になる」


という部分は、公式資料と整合しない。


このため、検証方法そのものには合理性がある一方、その検証の初期条件となる事実確認には問題があったと評価する。


11. このログから観測できる意思決定特性


今回もっとも明確に現れているのは、ニュースの原因説明を別の観測対象で検証する行動である。


メディア説明
→ 仮説化
→ 別企業の実績データを選択
→ 観測項目を事前設定
→ 結果別に投資行動を設定


という構造を取っている。


また、当初設定した売却予定日を固定ルールとして扱っていない。


9月4日に整理予定であっても、その前に前提条件が崩れれば退出を前倒しする。このため、カレンダーを目安として持ちながら、ファンダメンタルズの変化を上位の判断条件としている可能性がある。


もう一つは、マクロデータを最終判断材料とせず、企業利益への伝播を確認しようとする点である。


消費統計
→ 企業売上
→ EPS
→ 株価


という経路を重視している。


12. 設計図抽出候補


PATTERN-CROSS-VALIDATION-01


仮説：
市場やメディアが提示した原因説明をそのまま採用せず、その説明が正しければどのデータがどうなるはずかを考え、別の企業・指標で検証する。


今回の観測：
Prime Day前倒し説
→ Walmart決算で検証


状態：
新規仮説・未確定



PATTERN-CONDITIONAL-EXIT-01


仮説：
あらかじめ予定したポジション整理時期が存在しても、その前にファンダメンタルズ上の前提崩壊が確認された場合は退出を前倒しする。


今回の観測：
9月4日整理予定
→ Walmart決算悪化＋見通し悪化
→ 9月4日を待たずリスク縮小


状態：
新規仮説・未確定



PATTERN-MACRO-TO-EARNINGS-01


仮説：
マクロ指標の悪化そのものより、その悪化が企業利益まで伝播するかを投資判断上の境界として重視する。


今回の観測：
軽度の消費減速
→ 金利低下なら株式にプラス


深い消費減速
→ 売上・EPS低下なら株式にマイナス


状態：
新規仮説・未確定


13. 後続ログとの接続


本ログはWalmart決算前に作られた「事前条件設定ログ」として扱う。


後続ログでは、




Walmart決算が本人の設定した4項目に対してどうだったか


本人がその結果をどう解釈したか


9月4日まで待つという従来計画を維持したか


AI・テクノロジー株を実際に縮小したか


キャッシュ比率を引き上げたか




を確認する。


ここで重要なのは、Walmart決算の結果が本人の予想と一致したかではなく、事前に設定した判断ルールに従って本人が実際に判断を更新したかである。


後続ログが作成された場合、本ログには next_action、state_transition または trigger_resolution として接続する。


14. ログ評価上の注意


本ログには実際の売買は記録されていない。


「Walmart決算が弱くガイダンスも悪化すればAI・テクノロジー株を売却する」という発言は条件付きの将来行動であり、売却事実として扱ってはいけない。


また、本人の市場認識と客観的事実を分離する必要がある。


特にWalmart前回決算の通期ガイダンスについて、本人は下方修正と認識していたが、Walmart公式資料ではFY27通期見通しは据え置きだった。


この事実誤認は、本人の意思決定方法そのものとは分けて保存する。


後日のWalmart決算や株価を利用して、本ログの当時点評価を書き換えてはいけない。

